../Drivers/CMSIS/Include/core_cm4.h:2059:26:ITM_SendChar	16	static,ignoring_inline_asm
../Drivers/STM32WBxx_HAL_Driver/Inc/stm32wbxx_ll_bus.h:539:22:LL_AHB2_GRP1_EnableClock	24	static
../Core/Src/main.c:80:5:_write	32	static
../Core/Src/main.c:97:5:main	64	static
../Core/Src/main.c:212:6:SystemClock_Config	112	static
../Core/Src/main.c:258:6:PeriphCommonClock_Config	88	static
../Core/Src/main.c:282:13:MX_I2C1_Init	8	static
../Core/Src/main.c:330:13:MX_LPUART1_UART_Init	8	static
../Core/Src/main.c:378:13:MX_SPI1_Init	8	static
../Core/Src/main.c:418:13:MX_TIM2_Init	40	static
../Core/Src/main.c:463:13:MX_GPIO_Init	32	static
../Core/Src/main.c:500:6:HAL_I2C_MasterTxCpltCallback	16	static
../Core/Src/main.c:507:6:HAL_I2C_MasterRxCpltCallback	16	static
../Core/Src/main.c:520:6:Error_Handler	4	static,ignoring_inline_asm
