../Drivers/CMSIS/Include/core_cm4.h:2059:26:ITM_SendChar	16	static,ignoring_inline_asm
../Drivers/STM32WBxx_HAL_Driver/Inc/stm32wbxx_ll_bus.h:539:22:LL_AHB2_GRP1_EnableClock	24	static
../Core/Src/main.c:130:5:_write	32	static
../Core/Src/main.c:141:6:UART_HelloWorld	16	static
../Core/Src/main.c:145:6:InitializeLIS3DH	32	static
../Core/Src/main.c:194:6:InitializeISM330DHCX	24	static
../Core/Src/main.c:218:6:InitializeLIS3DH_HighPrecision	48	static
../Core/Src/main.c:277:6:InitializeISM330DHCX2	32	static
../Core/Src/main.c:331:6:ReadAccelerometerData	40	static
../Core/Src/main.c:357:6:ReadGyroscopeData	40	static
../Core/Src/main.c:382:6:R2eadIMUData	48	static
../Core/Src/main.c:429:6:write_to_sd	40	static
../Core/Src/main.c:463:6:read_from_sd	112	static
../Core/Src/main.c:655:6:WriteAccelerometerDataToSD	10048	static
../Core/Src/main.c:1224:6:WriteIMUDataToSD	72	static
../Core/Src/main.c:1306:6:ReadIMUData	56	static
../Core/Src/main.c:1425:6:WaitForStart	16	static
../Core/Src/main.c:1480:5:main	40	static
../Core/Src/main.c:1646:6:SystemClock_Config	112	static
../Core/Src/main.c:1692:6:PeriphCommonClock_Config	88	static
../Core/Src/main.c:1716:13:MX_I2C1_Init	8	static
../Core/Src/main.c:1764:13:MX_LPUART1_UART_Init	8	static
../Core/Src/main.c:1812:13:MX_SPI1_Init	8	static
../Core/Src/main.c:1852:13:MX_GPIO_Init	32	static
../Core/Src/main.c:1890:6:HAL_I2C_MasterTxCpltCallback	16	static
../Core/Src/main.c:1897:6:HAL_I2C_MasterRxCpltCallback	16	static
../Core/Src/main.c:1914:6:Error_Handler	4	static,ignoring_inline_asm
