../Drivers/Temp/temp.c:12:6:ONEWIRE_SetOutput	32	static
../Drivers/Temp/temp.c:21:6:ONEWIRE_SetInput	32	static
../Drivers/Temp/temp.c:29:9:ONEWIRE_Reset	16	static
../Drivers/Temp/temp.c:51:6:ONEWIRE_WriteBit	16	static
../Drivers/Temp/temp.c:62:9:ONEWIRE_ReadBit	16	static
../Drivers/Temp/temp.c:76:6:ONEWIRE_WriteByte	24	static
../Drivers/Temp/temp.c:84:9:ONEWIRE_ReadByte	16	static
../Drivers/Temp/temp.c:92:6:TMP1826_StartConversion	8	static
../Drivers/Temp/temp.c:98:7:TMP1826_ReadTemperature	16	static
