../Drivers/Temp/temp.c:5:6:delay_us	24	static
../Drivers/Temp/temp.c:14:6:set_gpio_output	32	static
../Drivers/Temp/temp.c:24:6:set_gpio_input	32	static
../Drivers/Temp/temp.c:32:6:delayus	24	static
../Drivers/Temp/temp.c:39:6:TMP1826_Init	8	static
../Drivers/Temp/temp.c:46:9:TMP1826_Reset	16	static
../Drivers/Temp/temp.c:72:6:TMP1826_WriteBit	16	static
../Drivers/Temp/temp.c:90:9:TMP1826_ReadBit	16	static
../Drivers/Temp/temp.c:107:6:TMP1826_WriteByte	24	static
../Drivers/Temp/temp.c:117:9:TMP1826_ReadByte	16	static
../Drivers/Temp/temp.c:130:7:TMP1826_ReadTemperature	40	static
../Drivers/Temp/temp.c:231:6:ManageTempSensor	24	static
